qwen3_0.6b: 300 items
Traceback (most recent call last):
  File "/home/xiang/miniconda3/envs/fgvd/lib/python3.12/site-packages/transformers/utils/hub.py", line 437, in cached_files
    hf_hub_download(
  File "/home/xiang/miniconda3/envs/fgvd/lib/python3.12/site-packages/huggingface_hub/utils/_validators.py", line 88, in _inner_fn
    return fn(*args, **kwargs)
           ^^^^^^^^^^^^^^^^^^^
  File "/home/xiang/miniconda3/envs/fgvd/lib/python3.12/site-packages/huggingface_hub/file_download.py", line 1016, in hf_hub_download
    return _hf_hub_download_to_cache_dir(
           ^^^^^^^^^^^^^^^^^^^^^^^^^^^^^^
  File "/home/xiang/miniconda3/envs/fgvd/lib/python3.12/site-packages/huggingface_hub/file_download.py", line 1167, in _hf_hub_download_to_cache_dir
    _raise_on_head_call_error(head_call_error, force_download, local_files_only)
  File "/home/xiang/miniconda3/envs/fgvd/lib/python3.12/site-packages/huggingface_hub/file_download.py", line 1796, in _raise_on_head_call_error
    raise LocalEntryNotFoundError(
huggingface_hub.errors.LocalEntryNotFoundError: Cannot find the requested files in the disk cache and outgoing traffic has been disabled. To enable hf.co look-ups and downloads online, set 'local_files_only' to False.
The above exception was the direct cause of the following exception:
Traceback (most recent call last):
  File "/home/xiang/miniconda3/envs/fgvd/lib/python3.12/site-packages/transformers/models/auto/tokenization_auto.py", line 716, in from_pretrained
    config = AutoConfig.from_pretrained(
             ^^^^^^^^^^^^^^^^^^^^^^^^^^^
  File "/home/xiang/miniconda3/envs/fgvd/lib/python3.12/site-packages/transformers/models/auto/configuration_auto.py", line 376, in from_pretrained
    config_dict, unused_kwargs = PreTrainedConfig.get_config_dict(pretrained_model_name_or_path, **kwargs)
                                 ^^^^^^^^^^^^^^^^^^^^^^^^^^^^^^^^^^^^^^^^^^^^^^^^^^^^^^^^^^^^^^^^^^^^^^^^^
  File "/home/xiang/miniconda3/envs/fgvd/lib/python3.12/site-packages/transformers/configuration_utils.py", line 687, in get_config_dict
    config_dict, kwargs = cls._get_config_dict(pretrained_model_name_or_path, **kwargs)
                          ^^^^^^^^^^^^^^^^^^^^^^^^^^^^^^^^^^^^^^^^^^^^^^^^^^^^^^^^^^^^^
  File "/home/xiang/miniconda3/envs/fgvd/lib/python3.12/site-packages/transformers/configuration_utils.py", line 742, in _get_config_dict
    resolved_config_file = cached_file(
                           ^^^^^^^^^^^^
  File "/home/xiang/miniconda3/envs/fgvd/lib/python3.12/site-packages/transformers/utils/hub.py", line 293, in cached_file
    file = cached_files(path_or_repo_id=path_or_repo_id, filenames=[filename], **kwargs)
           ^^^^^^^^^^^^^^^^^^^^^^^^^^^^^^^^^^^^^^^^^^^^^^^^^^^^^^^^^^^^^^^^^^^^^^^^^^^^^
  File "/home/xiang/miniconda3/envs/fgvd/lib/python3.12/site-packages/transformers/utils/hub.py", line 513, in cached_files
    raise OSError(
OSError: We couldn't connect to 'https://huggingface.co' to load the files, and couldn't find them in the cached files.
Check your internet connection or see how to run the library in offline mode at 'https://huggingface.co/docs/transformers/installation#offline-mode'.
During handling of the above exception, another exception occurred:
Traceback (most recent call last):
  File "/home/xiang/miniconda3/envs/fgvd/lib/python3.12/site-packages/transformers/utils/hub.py", line 437, in cached_files
    hf_hub_download(
  File "/home/xiang/miniconda3/envs/fgvd/lib/python3.12/site-packages/huggingface_hub/utils/_validators.py", line 88, in _inner_fn
    return fn(*args, **kwargs)
           ^^^^^^^^^^^^^^^^^^^
  File "/home/xiang/miniconda3/envs/fgvd/lib/python3.12/site-packages/huggingface_hub/file_download.py", line 1016, in hf_hub_download
    return _hf_hub_download_to_cache_dir(
           ^^^^^^^^^^^^^^^^^^^^^^^^^^^^^^
  File "/home/xiang/miniconda3/envs/fgvd/lib/python3.12/site-packages/huggingface_hub/file_download.py", line 1167, in _hf_hub_download_to_cache_dir
    _raise_on_head_call_error(head_call_error, force_download, local_files_only)
  File "/home/xiang/miniconda3/envs/fgvd/lib/python3.12/site-packages/huggingface_hub/file_download.py", line 1796, in _raise_on_head_call_error
    raise LocalEntryNotFoundError(
huggingface_hub.errors.LocalEntryNotFoundError: Cannot find the requested files in the disk cache and outgoing traffic has been disabled. To enable hf.co look-ups and downloads online, set 'local_files_only' to False.
The above exception was the direct cause of the following exception:
Traceback (most recent call last):
  File "/home/xiang/Interpretability-try/active/014_alias_entrainment_transfer/src/alias_entrainment/run_phase1.py", line 206, in <module>
    main()
  File "/home/xiang/Interpretability-try/active/014_alias_entrainment_transfer/src/alias_entrainment/run_phase1.py", line 187, in main
    scorer = Scorer(args.model, batch_size=args.batch_size)
             ^^^^^^^^^^^^^^^^^^^^^^^^^^^^^^^^^^^^^^^^^^^^^^
  File "/home/xiang/Interpretability-try/active/014_alias_entrainment_transfer/src/alias_entrainment/run_phase1.py", line 37, in __init__
    self.tok = AutoTokenizer.from_pretrained(model_id)
               ^^^^^^^^^^^^^^^^^^^^^^^^^^^^^^^^^^^^^^^
  File "/home/xiang/miniconda3/envs/fgvd/lib/python3.12/site-packages/transformers/models/auto/tokenization_auto.py", line 720, in from_pretrained
    config = PreTrainedConfig.from_pretrained(pretrained_model_name_or_path, **kwargs)
             ^^^^^^^^^^^^^^^^^^^^^^^^^^^^^^^^^^^^^^^^^^^^^^^^^^^^^^^^^^^^^^^^^^^^^^^^^
  File "/home/xiang/miniconda3/envs/fgvd/lib/python3.12/site-packages/transformers/configuration_utils.py", line 646, in from_pretrained
    config_dict, kwargs = cls.get_config_dict(pretrained_model_name_or_path, **kwargs)
                          ^^^^^^^^^^^^^^^^^^^^^^^^^^^^^^^^^^^^^^^^^^^^^^^^^^^^^^^^^^^^
  File "/home/xiang/miniconda3/envs/fgvd/lib/python3.12/site-packages/transformers/configuration_utils.py", line 687, in get_config_dict
    config_dict, kwargs = cls._get_config_dict(pretrained_model_name_or_path, **kwargs)
                          ^^^^^^^^^^^^^^^^^^^^^^^^^^^^^^^^^^^^^^^^^^^^^^^^^^^^^^^^^^^^^
  File "/home/xiang/miniconda3/envs/fgvd/lib/python3.12/site-packages/transformers/configuration_utils.py", line 742, in _get_config_dict
    resolved_config_file = cached_file(
                           ^^^^^^^^^^^^
  File "/home/xiang/miniconda3/envs/fgvd/lib/python3.12/site-packages/transformers/utils/hub.py", line 293, in cached_file
    file = cached_files(path_or_repo_id=path_or_repo_id, filenames=[filename], **kwargs)
           ^^^^^^^^^^^^^^^^^^^^^^^^^^^^^^^^^^^^^^^^^^^^^^^^^^^^^^^^^^^^^^^^^^^^^^^^^^^^^
  File "/home/xiang/miniconda3/envs/fgvd/lib/python3.12/site-packages/transformers/utils/hub.py", line 513, in cached_files
    raise OSError(
OSError: We couldn't connect to 'https://huggingface.co' to load the files, and couldn't find them in the cached files.
Check your internet connection or see how to run the library in offline mode at 'https://huggingface.co/docs/transformers/installation#offline-mode'.
qwen3_0.6b: 300 items
  probe jobs: 1200
  main jobs: 8100
qwen3_0.6b: done in 48s, tokenizer boundary shifts = 0
