Loading checkpoint shards:   0%|          | 0/5 [00:00<?, ?it/s]Loading checkpoint shards:  20%|██        | 1/5 [00:02<00:08,  2.02s/it]Loading checkpoint shards:  40%|████      | 2/5 [00:03<00:04,  1.43s/it]Loading checkpoint shards:  60%|██████    | 3/5 [00:04<00:02,  1.23s/it]Loading checkpoint shards:  80%|████████  | 4/5 [00:04<00:01,  1.12s/it]Loading checkpoint shards: 100%|██████████| 5/5 [00:05<00:00,  1.03s/it]Loading checkpoint shards: 100%|██████████| 5/5 [00:05<00:00,  1.17s/it]
/home/xiang/Interpretability-try/active/045_referential_vs_attributive_description_use/scripts/run_s1_use_mode_states.py:82: RuntimeWarning: overflow encountered in cast
  output.hidden_states[layer][i, position].float().cpu().numpy().astype(np.float16))
{"scored": 16, "total": 4896}
Traceback (most recent call last):
  File "/home/xiang/Interpretability-try/active/045_referential_vs_attributive_description_use/scripts/run_s1_use_mode_states.py", line 115, in <module>
    main()
  File "/home/xiang/Interpretability-try/active/045_referential_vs_attributive_description_use/scripts/run_s1_use_mode_states.py", line 72, in main
    output = model(**batch, output_hidden_states=True, use_cache=False)
  File "/home/xiang/miniconda3/envs/wam-robotwin/lib/python3.10/site-packages/torch/nn/modules/module.py", line 1553, in _wrapped_call_impl
    return self._call_impl(*args, **kwargs)
  File "/home/xiang/miniconda3/envs/wam-robotwin/lib/python3.10/site-packages/torch/nn/modules/module.py", line 1562, in _call_impl
    return forward_call(*args, **kwargs)
  File "/home/xiang/Interpretability-try/.venv-cu124/lib/python3.10/site-packages/transformers/models/gemma3/modeling_gemma3.py", line 1120, in forward
    logits = self.lm_head(hidden_states[:, slice_indices, :])
  File "/home/xiang/miniconda3/envs/wam-robotwin/lib/python3.10/site-packages/torch/nn/modules/module.py", line 1553, in _wrapped_call_impl
    return self._call_impl(*args, **kwargs)
  File "/home/xiang/miniconda3/envs/wam-robotwin/lib/python3.10/site-packages/torch/nn/modules/module.py", line 1562, in _call_impl
    return forward_call(*args, **kwargs)
  File "/home/xiang/miniconda3/envs/wam-robotwin/lib/python3.10/site-packages/torch/nn/modules/linear.py", line 117, in forward
    return F.linear(input, self.weight, self.bias)
torch.OutOfMemoryError: CUDA out of memory. Tried to allocate 1.28 GiB. GPU 0 has a total capacity of 79.14 GiB of which 42.94 MiB is free. Process 4068973 has 23.21 GiB memory in use. Process 4090662 has 28.44 GiB memory in use. Including non-PyTorch memory, this process has 27.32 GiB memory in use. Of the allocated memory 25.65 GiB is allocated by PyTorch, and 1.17 GiB is reserved by PyTorch but unallocated. If reserved but unallocated memory is large try setting PYTORCH_CUDA_ALLOC_CONF=expandable_segments:True to avoid fragmentation.  See documentation for Memory Management  (https://pytorch.org/docs/stable/notes/cuda.html#environment-variables)
